Class _SwiftNSMutableArray is a new API without @available attribute
Class _SwiftNativeNSMutableArray is a new API without @available attribute
