Func _collectReferencesInsideObject(_:) is a new API without @available attribute
Func _loadDestroyTLSCounter() is a new API without @available attribute
Protocol _RuntimeFunctionCountersStats is a new API without @available attribute
Struct _GlobalRuntimeFunctionCountersState is a new API without @available attribute
Struct _ObjectRuntimeFunctionCountersState is a new API without @available attribute
Struct _RuntimeFunctionCounters is a new API without @available attribute
Func _measureRuntimeFunctionCountersDiffs(objects:_:) is a new API without @available attribute
